// Jest Snapshot v1, https://goo.gl/fbAQLP

exports[`Layouts Default Moving cookies to localStorage 1`] = `
Object {
  "cookieDisclaimerDisplayed": true,
  "currentProfile": "testID",
  "customPromotionMessagesTemplates": Array [],
  "dayNightMode": "auto",
  "dayStart": "08:00",
  "displayTableCard": false,
  "fixedMainMenu": false,
  "gbSelectMode": "datalist",
  "haveReadLocaleInfoAvailable": true,
  "haveReadTipAboutAddInvestor": true,
  "locale": "fr",
  "nightStart": "19:30",
  "profiles": Array [
    Object {
      "id": "testID",
      "name": "Foo Bar",
    },
  ],
  "survey": Array [],
}
`;

exports[`Layouts Default Moving cookies to localStorage 2`] = `
Object {
  "profiles": Object {
    "testID": Object {
      "cf": Object {
        "coins": 123456,
        "cumulativeQuest": 4,
        "fpBy24h": 24,
        "goods": 17,
        "otherRq": 1,
        "secondRq": true,
        "supplies": 654321,
        "suppliesGathered": 80,
      },
      "displayGbName": true,
      "displayTableCard": true,
      "gb": Object {
        "Alcatraz": Object {
          "investorView": Object {
            "customPercentage": false,
            "from": 10,
            "investorPercentageCustom": Array [
              90,
              90,
              90,
              90,
              90,
            ],
            "investorPercentageGlobal": 90,
            "showPlace": Array [
              true,
              true,
              false,
              false,
              false,
            ],
            "takingPlaceInConsideration": 2,
            "to": 60,
          },
          "ownerView": Object {
            "investorParticipation": Array [],
            "investorPercentageCustom": Array [
              92,
              90,
              85,
              80,
              80,
            ],
            "investorPercentageGlobal": 42,
            "level": 21,
            "ownerInvestment": 1,
          },
          "tab": 1,
        },
        "Arctic_Orangery": Object {
          "investorView": Object {
            "customPercentage": false,
            "from": 1,
            "investorPercentageCustom": Array [
              90,
              90,
              90,
              90,
              90,
            ],
            "investorPercentageGlobal": 90,
            "showPlace": Array [
              true,
              false,
              false,
              false,
              false,
            ],
            "takingPlaceInConsideration": 0,
            "to": 10,
          },
          "ownerView": Object {
            "investorParticipation": Array [
              Object {
                "isPotentialSniper": true,
                "value": 1496,
              },
              Object {
                "isPotentialSniper": true,
                "value": 753,
              },
            ],
            "investorPercentageCustom": Array [
              90,
              90,
              90,
              90,
              90,
            ],
            "investorPercentageGlobal": 90,
            "level": 48,
            "ownerInvestment": 0,
          },
          "tab": 0,
        },
        "root": Object {
          "investorView": Object {
            "customPercentage": false,
            "from": 1,
            "investorPercentageCustom": Array [
              90,
              90,
              90,
              90,
              90,
            ],
            "investorPercentageGlobal": 90,
            "showPlace": Array [
              true,
              false,
              false,
              false,
              false,
            ],
            "takingPlaceInConsideration": 0,
            "to": 10,
          },
          "ownerView": Object {
            "investorParticipation": Array [],
            "investorPercentageCustom": Array [
              90,
              90,
              90,
              90,
              90,
            ],
            "investorPercentageGlobal": 90,
            "level": 10,
            "ownerInvestment": 0,
          },
          "tab": 0,
        },
      },
      "gbPrefix": "Hello",
      "gbShowPrefix": true,
      "gbShowSuffix": true,
      "gbSuffix": "World",
      "gbi_tab": 1,
      "promotionMessageList": Array [
        Object {
          "config": Object {
            "displayGbName": true,
            "message": "\${GBN} \${P}",
            "place": "\${PI} (\${PV})",
            "placeSeparator": "  ",
            "prefix": "",
            "reversePlacesOrder": true,
            "showLevel": false,
            "suffix": "",
            "useShortGbName": false,
          },
          "id": "Default 0",
          "name": "Default 0",
        },
        Object {
          "config": Object {
            "displayGbName": true,
            "message": "\${GBN} \${FLVL} → \${TLVL} \${P}",
            "place": "P\${PI}(\${PV})",
            "placeSeparator": " ",
            "prefix": "",
            "reversePlacesOrder": false,
            "showLevel": true,
            "suffix": "",
            "useShortGbName": false,
          },
          "id": "Default 1",
          "name": "Default 1",
        },
        Object {
          "config": Object {
            "displayGbName": true,
            "message": "\${P} \${GBN} \${FLVL} → \${TLVL}",
            "place": "P\${PI}(\${PV})",
            "placeSeparator": " ",
            "prefix": "",
            "reversePlacesOrder": false,
            "showLevel": true,
            "suffix": "",
            "useShortGbName": false,
          },
          "id": "Default 2",
          "name": "Default 2",
        },
        Object {
          "config": Object {
            "displayGbName": true,
            "message": "\${GBN} \${FLVL} → \${TLVL} \${P}",
            "place": "P\${PI}(\${PV})",
            "placeSeparator": " ",
            "prefix": "",
            "reversePlacesOrder": true,
            "showLevel": true,
            "suffix": "",
            "useShortGbName": false,
          },
          "id": "Default 3",
          "name": "Default 3",
        },
        Object {
          "config": Object {
            "displayGbName": true,
            "message": "\${P} \${GBN} \${FLVL} → \${TLVL}",
            "place": "P\${PI}(\${PV})",
            "placeSeparator": " ",
            "prefix": "",
            "reversePlacesOrder": true,
            "showLevel": true,
            "suffix": "",
            "useShortGbName": false,
          },
          "id": "Default 4",
          "name": "Default 4",
        },
        Object {
          "config": Object {
            "displayGbName": true,
            "message": "\${GBN} \${FLVL} → \${TLVL} \${P}",
            "place": "\${PI}",
            "placeSeparator": " ",
            "prefix": "",
            "reversePlacesOrder": false,
            "showLevel": true,
            "suffix": "",
            "useShortGbName": false,
          },
          "id": "Default 5",
          "name": "Default 5",
        },
        Object {
          "config": Object {
            "displayGbName": true,
            "message": "\${GBN} \${FLVL} → \${TLVL} \${P}",
            "place": "\${PI}",
            "placeSeparator": " ",
            "prefix": "",
            "reversePlacesOrder": true,
            "showLevel": true,
            "suffix": "",
            "useShortGbName": false,
          },
          "id": "Default 6",
          "name": "Default 6",
        },
        Object {
          "config": Object {
            "displayGbName": true,
            "message": "\${GBN} \${FLVL} → \${TLVL} \${P}",
            "place": "\${PI}",
            "placeSeparator": ",",
            "prefix": "",
            "reversePlacesOrder": false,
            "showLevel": true,
            "suffix": "",
            "useShortGbName": false,
          },
          "id": "Default 7",
          "name": "Default 7",
        },
        Object {
          "config": Object {
            "displayGbName": true,
            "message": "\${GBN} \${FLVL} → \${TLVL} \${P}",
            "place": "\${PI}",
            "placeSeparator": ",",
            "prefix": "",
            "reversePlacesOrder": true,
            "showLevel": true,
            "suffix": "",
            "useShortGbName": false,
          },
          "id": "Default 8",
          "name": "Default 8",
        },
        Object {
          "config": Object {
            "displayGbName": false,
            "message": "\${GBN} \${FLVL} → \${TLVL} \${P}",
            "place": "\${PI}",
            "placeSeparator": ",",
            "prefix": "",
            "reversePlacesOrder": true,
            "showLevel": false,
            "suffix": "",
            "useShortGbName": false,
          },
          "id": "Default 9",
          "name": "Default 9",
        },
        Object {
          "config": Object {
            "displayGbName": true,
            "message": "\${GBN} \${FLVL} → \${TLVL} \${P}",
            "place": "\${PI}",
            "placeSeparator": ",",
            "prefix": "",
            "reversePlacesOrder": true,
            "showLevel": true,
            "suffix": "",
            "useShortGbName": false,
          },
          "id": "Default 10",
          "name": "Default 10",
        },
        Object {
          "config": Object {
            "customFields": Object {
              "Your pseudo": Object {
                "key": "Your pseudo",
                "placeholder": "My pseudo",
                "value": "My pseudo",
              },
            },
            "displayGbName": true,
            "message": "\${P}",
            "place": "\${Your pseudo} - \${GBN} \${PI}",
            "placeSeparator": "\${LF}",
            "prefix": "",
            "reversePlacesOrder": false,
            "showLevel": true,
            "suffix": "",
            "useShortGbName": false,
          },
          "id": "Default 11",
          "name": "Default 11",
        },
      ],
      "shortName": false,
      "showLevel": true,
      "showOnlySecuredPlaces": false,
      "showSnipe": false,
      "yourAge": "ColonialAge",
      "yourArcBonus": 90.6,
      "yourCfBoost": 540,
    },
  },
}
`;
